BEGIN:VCALENDAR
VERSION:2.0
PRODID:Spatie calendar-links
BEGIN:VEVENT
UID:2009a227b7dd438a285434127f67f267
SUMMARY:New Year
DTSTAMP;TZID=UTC:20191231T230000
DTSTART;TZID=UTC:20191231T230000
DTEND;TZID=UTC:20200101T010000
DESCRIPTION:With balloons\, clowns and stuff\nBring a dog\, bring a frog
LOCATION:Party Lane 1A\, 1337 Funtown
END:VEVENT
END:VCALENDAR