BEGIN:VCALENDAR
VERSION:2.0
PRODID:Spatie calendar-links
BEGIN:VEVENT
UID:94ab75add84a67c019eae57539658036
SUMMARY:Birthday
DTSTAMP;TZID=UTC:20180201T090000
DTSTART;TZID=UTC:20180201T090000
DTEND;TZID=UTC:20180201T180000
DESCRIPTION:With balloons\, clowns and stuff\nBring a dog\, bring a frog
LOCATION:Party Lane 1A\, 1337 Funtown
END:VEVENT
END:VCALENDAR