https://outlook.live.com/calendar/deeplink/compose?path=/calendar/action/compose&rru=addevent&startdt=2018-02-01T09:00:00Z&enddt=2018-02-01T18:00:00Z&subject=Birthday%20Party%20%2B1&body=With%20balloons%2C%20clowns%20and%20stuff%0ABring%20a%20dog%2C%20bring%20a%20frog.%0AThere%20will%20be%20line%20breaks%20on%20it.%0AProject%20link%20%3Ca%20href%3D%22https%3A%2F%2Fgithub.com%2Fspatie%2Fcalendar-links%22%3Ecalendar-links%3C%2Fa%3E%0A%3Cimg%20src%3D%22https%3A%2F%2Fgithub-ads.s3.eu-central-1.amazonaws.com%2Fcalendar-links.jpg%3Ft%3D1%22%20width%3D%22419px%22%20%2F%3E%0A%3Cbr%3E%0AThank%20you.%0A&location=Party%20Lane%201A%2C%201337%20Funtown