https://outlook.office.com/calendar/deeplink/compose?path=/calendar/action/compose&rru=addevent&startdt=2018-02-01T09:00:00Z&enddt=2018-02-01T18:00:00Z&subject=Birthday&body=With%20balloons%2C%20clowns%20and%20stuff%0ABring%20a%20dog%2C%20bring%20a%20frog&location=Party%20Lane%201A%2C%201337%20Funtown