https://calendar.yahoo.com/?v=60&view=d&type=20&ST=20180201T090000Z&ET=20180201T180000Z&TITLE=Birthday%20Party%20%2B1&DESC=With%20balloons%2C%20clowns%20and%20stuff%0ABring%20a%20dog%2C%20bring%20a%20frog.%0AThere%20will%20be%20line%20breaks%20on%20it.%0AProject%20link%20%3Ca%20href%3D%22https%3A%2F%2Fgithub.com%2Fspatie%2Fcalendar-links%22%3Ecalendar-links%3C%2Fa%3E%0A%3Cimg%20src%3D%22https%3A%2F%2Fgithub-ads.s3.eu-central-1.amazonaws.com%2Fcalendar-links.jpg%3Ft%3D1%22%20width%3D%22419px%22%20%2F%3E%0A%3Cbr%3E%0AThank%20you.%0A&in_loc=Party%20Lane%201A%2C%201337%20Funtown